Archive member included to satisfy reference by file (symbol)

./lib\libc.a(lib_a-memcpy-stub.o)
                              rt.o (memcpy)
./lib\libc.a(lib_a-strcpy.o)  srv.o (strcpy)
./lib\libc.a(lib_a-strlen.o)  rt.o (strlen)

Memory Configuration

Name             Origin             Length             Attributes
*default*        0x0000000000000000 0xffffffffffffffff

Linker script and memory map

                0x0000000000100100                . = 0x100100
                0x0000000000100100                . = ALIGN (0x4)

.text           0x0000000000100100     0x2a1c
                0x0000000000100100                __text_start = .
 bootloader.o(.text*)
 .text          0x0000000000100100       0xa0 bootloader.o
                0x0000000000100100                _Reset
                0x000000000010017c                _ReturnToUser
 *(.text*)
 .text          0x00000000001001a0      0x2e4 AC.o
                0x00000000001001a0                ACU_cmd1
                0x0000000000100264                ACU_cmd26
                0x0000000000100364                ACU_GetWifiStatus
                0x00000000001003dc                ACU_WaitInternetConnection
 .text          0x0000000000100484       0x7c entry.o
                0x0000000000100484                c_entry
                0x00000000001004e8                IRQHandler
 .text          0x0000000000100500      0xaac FS.o
                0x0000000000100500                FSUSER_Initialize
                0x0000000000100578                FSUSER_OpenFile
                0x00000000001006ac                FSUSER_OpenFileDirectly
                0x000000000010081c                FSUSER_OpenArchive
                0x0000000000100928                FSUSER_OpenDirectory
                0x0000000000100a2c                FSUSER_CloseArchive
                0x0000000000100ad4                FSFILE_Close
                0x0000000000100b3c                FSFILE_Read
                0x0000000000100c34                FSFILE_Write
                0x0000000000100d3c                FSFILE_GetSize
                0x0000000000100dc4                FSFILE_SetSize
                0x0000000000100e64                FSDIR_Read
                0x0000000000100f44                FSDIR_Close
 .text          0x0000000000100fac      0x248 main.o
                0x0000000000100fac                drawWidget
                0x000000000010112c                overlayCallback
                0x00000000001011c8                main
 .text          0x00000000001011f4       0xfc memoryfn.o
                0x00000000001011f4                Set8
                0x0000000000101230                Set16
                0x0000000000101270                Set32
                0x00000000001012b0                Set64
 .text          0x00000000001012f0        0x8 misc.o
                0x00000000001012f0                sleep
 .text          0x00000000001012f8       0x98 OS.o
                0x00000000001012f8                OS_ConvertVaddr2Physaddr
 .text          0x0000000000101390      0x624 ov.o
                0x0000000000101390                ovDrawTranspartBlackRect
                0x00000000001015f8                ovDrawPixel
                0x0000000000101710                ovDrawRect
                0x00000000001017cc                ovDrawChar
                0x00000000001018f4                ovDrawString
 .text          0x00000000001019b4      0x184 pm.o
                0x00000000001019b4                dumpKernel
                0x00000000001019cc                getCurrentProcessId
                0x00000000001019f8                getCurrentProcessHandle
                0x0000000000101aa8                protectRemoteMemory
                0x0000000000101afc                protectMemory
 .text          0x0000000000101b38      0x780 rt.o
                0x0000000000101b38                rtInitLock
                0x0000000000101b64                rtAcquireLock
                0x0000000000101bb0                rtReleaseLock
                0x0000000000101bdc                rtAlignToPageSize
                0x0000000000101c0c                rtGetPageOfAddress
                0x0000000000101c38                rtCheckRemoteMemoryRegionSafeForWrite
                0x0000000000101cdc                rtSafeCopyMemory
                0x0000000000101d6c                rtGetFileSize
                0x0000000000101eb4                rtLoadFileToBuffer
                0x0000000000102080                rtGenerateJumpCode
                0x00000000001020c8                rtInitHook
                0x000000000010219c                rtFlushInstructionCache
                0x00000000001021d8                rtEnableHook
                0x0000000000102248                rtDisableHook
 .text          0x00000000001022b8      0x10c sharedfunc.o
                0x00000000001022b8                initSharedFunc
 .text          0x00000000001023c4        0x0 SOC.o
 .text          0x00000000001023c4      0x234 srv.o
                0x00000000001023c4                initSrv
                0x0000000000102418                exitSrv
                0x0000000000102450                srv_RegisterClient
                0x00000000001024e8                srv_getServiceHandle
 .text          0x00000000001025f8       0x40 stub.o
                0x00000000001025f8                showDbg
                0x0000000000102600                nsDbgPrint
                0x0000000000102608                plgRegisterMenuEntry
                0x0000000000102610                plgGetSharedServiceHandle
                0x0000000000102618                plgRequestMemory
                0x0000000000102620                plgRegisterCallback
                0x0000000000102628                xsprintf
 *fill*         0x0000000000102638        0x8 
 .text          0x0000000000102640      0x29c svc.o
                0x0000000000102640                getThreadCommandBuffer
                0x000000000010264c                svc_controlMemory
                0x000000000010266c                svc_exitProcess
                0x0000000000102674                svc_createThread
                0x0000000000102694                svc_exitThread
                0x000000000010269c                svc_sleepThread
                0x00000000001026a4                svc_createMutex
                0x00000000001026b8                svc_releaseMutex
                0x00000000001026c0                svc_releaseSemaphore
                0x00000000001026d4                svc_createEvent
                0x00000000001026e8                svc_signalEvent
                0x00000000001026f0                svc_clearEvent
                0x00000000001026f8                svc_createMemoryBlock
                0x0000000000102710                svc_mapMemoryBlock
                0x0000000000102718                svc_unmapMemoryBlock
                0x0000000000102720                svc_arbitrateAddress
                0x0000000000102728                svc_closeHandle
                0x0000000000102730                svc_waitSynchronization1
                0x0000000000102738                svc_waitSynchronizationN
                0x0000000000102758                svc_getSystemTick
                0x0000000000102760                svc_getSystemInfo
                0x000000000010277c                svc_getProcessInfo
                0x0000000000102798                svc_connectToPort
                0x00000000001027ac                svc_sendSyncRequest
                0x00000000001027b4                svc_getProcessId
                0x00000000001027c8                svc_getThreadId
                0x00000000001027dc                svc_setThreadIdealProcessor
                0x00000000001027e4                svc_openThread
                0x00000000001027f8                svc_flushProcessDataCache
                0x0000000000102800                svc_invalidateProcessDataCache
                0x0000000000102808                svc_queryMemory
                0x0000000000102810                svc_addCodeSegment
                0x0000000000102818                svc_openProcess
                0x000000000010282c                svc_controlProcessMemory
                0x0000000000102844                svc_mapProcessMemory
                0x000000000010284c                svc_startInterProcessDma
                0x000000000010286c                svc_getDmaState
                0x0000000000102880                svc_backDoor
                0x0000000000102888                svc_getProcessList
                0x000000000010289c                svc_getThreadList
                0x00000000001028b0                svc_getThreadContext
                0x00000000001028b8                svc_debugActiveProcess
                0x00000000001028cc                svc_readProcessMemory
                0x00000000001028d4                svc_writeProcessMemory
 .text          0x00000000001028dc       0xf0 ./lib\libc.a(lib_a-memcpy-stub.o)
                0x00000000001028dc                memcpy
 .text          0x00000000001029cc       0xf0 ./lib\libc.a(lib_a-strcpy.o)
                0x00000000001029cc                strcpy
 .text          0x0000000000102abc       0x60 ./lib\libc.a(lib_a-strlen.o)
                0x0000000000102abc                strlen

.glue_7         0x0000000000102b1c        0x0
 .glue_7        0x0000000000102b1c        0x0 linker stubs

.glue_7t        0x0000000000102b1c        0x0
 .glue_7t       0x0000000000102b1c        0x0 linker stubs

.vfp11_veneer   0x0000000000102b1c        0x0
 .vfp11_veneer  0x0000000000102b1c        0x0 linker stubs

.v4_bx          0x0000000000102b1c        0x0
 .v4_bx         0x0000000000102b1c        0x0 linker stubs

.plt            0x0000000000102b1c        0x0
 .plt           0x0000000000102b1c        0x0 bootloader.o

.iplt           0x0000000000102b1c        0x0
 .iplt          0x0000000000102b1c        0x0 bootloader.o
                0x0000000000102b1c                . = ALIGN (0x4)

.data           0x0000000000102b1c      0x310
 *(.data)
 .data          0x0000000000102b1c        0x0 bootloader.o
 .data          0x0000000000102b1c        0x0 AC.o
 .data          0x0000000000102b1c        0x0 entry.o
 .data          0x0000000000102b1c        0x0 FS.o
 .data          0x0000000000102b1c       0x18 main.o
                0x0000000000102b1c                sdmcArchive
 .data          0x0000000000102b34        0x0 memoryfn.o
 .data          0x0000000000102b34        0x0 misc.o
 .data          0x0000000000102b34        0x0 OS.o
 .data          0x0000000000102b34      0x2f8 ov.o
 .data          0x0000000000102e2c        0x0 pm.o
 .data          0x0000000000102e2c        0x0 rt.o
 .data          0x0000000000102e2c        0x0 sharedfunc.o
 .data          0x0000000000102e2c        0x0 SOC.o
 .data          0x0000000000102e2c        0x0 srv.o
 .data          0x0000000000102e2c        0x0 stub.o
 .data          0x0000000000102e2c        0x0 svc.o
 .data          0x0000000000102e2c        0x0 ./lib\libc.a(lib_a-memcpy-stub.o)
 .data          0x0000000000102e2c        0x0 ./lib\libc.a(lib_a-strcpy.o)
 .data          0x0000000000102e2c        0x0 ./lib\libc.a(lib_a-strlen.o)

.dynamic        0x0000000000102e2c       0x88
 .dynamic       0x0000000000102e2c       0x88 bootloader.o
                0x0000000000102e2c                _DYNAMIC

.got            0x0000000000102eb4        0x0
 .got           0x0000000000102eb4        0x0 bootloader.o

.got.plt        0x0000000000102eb4        0xc
 .got.plt       0x0000000000102eb4        0xc bootloader.o
                0x0000000000102eb4                _GLOBAL_OFFSET_TABLE_

.data.rel.ro    0x0000000000102ec0        0x0
 .data.rel.ro   0x0000000000102ec0        0x0 bootloader.o

.igot.plt       0x0000000000102ec0        0x0
 .igot.plt      0x0000000000102ec0        0x0 bootloader.o
                0x0000000000102ec0                . = ALIGN (0x4)
                0x0000000000102ec0                . = ALIGN (0x4)

.rel.dyn        0x0000000000102ec0      0x128
 *(.__rel_dyn_start)
 .__rel_dyn_start
                0x0000000000102ec0        0x0 bootloader.o
 *(.rel*)
 .rel.got       0x0000000000102ec0        0x0 bootloader.o
 .rel.plt       0x0000000000102ec0        0x0 bootloader.o
 .rel.bss       0x0000000000102ec0        0x0 bootloader.o
 .rel.data.rel.ro
                0x0000000000102ec0        0x0 bootloader.o
 .rel.iplt      0x0000000000102ec0        0x0 bootloader.o
 .rel.text      0x0000000000102ec0      0x120 bootloader.o
 .rel.data      0x0000000000102fe0        0x8 bootloader.o
 *(.rel.*)
 *(.__rel_dyn_end)
 .__rel_dyn_end
                0x0000000000102fe8        0x0 bootloader.o
                0x0000000000102fe8                __code_end = .

.interp         0x0000000000102fe8       0x11
 .interp        0x0000000000102fe8       0x11 bootloader.o

.gnu.version_d  0x0000000000102ffc        0x0
 .gnu.version_d
                0x0000000000102ffc        0x0 bootloader.o

.gnu.version    0x0000000000102ffa        0x0
 .gnu.version   0x0000000000102ffa        0x0 bootloader.o

.gnu.version_r  0x0000000000102ffc        0x0
 .gnu.version_r
                0x0000000000102ffc        0x0 bootloader.o

.dynsym         0x0000000000102ffc       0x30
 .dynsym        0x0000000000102ffc       0x30 bootloader.o

.dynstr         0x000000000010302c        0x1
 .dynstr        0x000000000010302c        0x1 bootloader.o

.hash           0x0000000000103030       0x18
 .hash          0x0000000000103030       0x18 bootloader.o

.rodata         0x0000000000103048      0x421
 .rodata        0x0000000000103048        0x5 AC.o
 *fill*         0x000000000010304d        0x3 
 .rodata        0x0000000000103050      0x376 main.o
 *fill*         0x00000000001033c6        0x2 
 .rodata        0x00000000001033c8       0x1e pm.o
 *fill*         0x00000000001033e6        0x2 
 .rodata        0x00000000001033e8       0x7a rt.o
 *fill*         0x0000000000103462        0x2 
 .rodata        0x0000000000103464        0x5 srv.o
                0x000000000010346c                . = ALIGN (0x4)

.bss            0x000000000010346c       0x10
 *(.__bss_start)
 .__bss_start   0x000000000010346c        0x0 bootloader.o
                0x000000000010346c                __c_bss_start
 *(.bss COMMON)
 .bss           0x000000000010346c        0x0 bootloader.o
 .bss           0x000000000010346c        0x0 AC.o
 .bss           0x000000000010346c        0x0 entry.o
 .bss           0x000000000010346c        0x0 FS.o
 .bss           0x000000000010346c        0x4 main.o
                0x000000000010346c                fsUserHandle
 .bss           0x0000000000103470        0x0 memoryfn.o
 .bss           0x0000000000103470        0x0 misc.o
 .bss           0x0000000000103470        0x0 OS.o
 .bss           0x0000000000103470        0x0 ov.o
 .bss           0x0000000000103470        0x8 pm.o
                0x0000000000103470                hCurrentProcess
                0x0000000000103474                currentPid
 .bss           0x0000000000103478        0x0 rt.o
 .bss           0x0000000000103478        0x0 sharedfunc.o
 .bss           0x0000000000103478        0x0 SOC.o
 .bss           0x0000000000103478        0x4 srv.o
                0x0000000000103478                srvHandle
 .bss           0x000000000010347c        0x0 stub.o
 .bss           0x000000000010347c        0x0 svc.o
 .bss           0x000000000010347c        0x0 ./lib\libc.a(lib_a-memcpy-stub.o)
 .bss           0x000000000010347c        0x0 ./lib\libc.a(lib_a-strcpy.o)
 .bss           0x000000000010347c        0x0 ./lib\libc.a(lib_a-strlen.o)
 *(.__bss_end)
 .__bss_end     0x000000000010347c        0x0 bootloader.o
                0x000000000010347c                __c_bss_end
                0x000000000010347c                __end__ = .
LOAD AC.o
LOAD bootloader.o
LOAD entry.o
LOAD FS.o
LOAD main.o
LOAD memoryfn.o
LOAD misc.o
LOAD OS.o
LOAD ov.o
LOAD pm.o
LOAD rt.o
LOAD sharedfunc.o
LOAD SOC.o
LOAD srv.o
LOAD stub.o
LOAD svc.o
LOAD ./lib\libc.a
LOAD ./lib\libgcc.a
OUTPUT(a.out elf32-littlearm)

.dynbss         0x000000000010347c        0x0
 .dynbss        0x000000000010347c        0x0 bootloader.o

.ARM.attributes
                0x0000000000000000       0x27
 .ARM.attributes
                0x0000000000000000       0x19 bootloader.o
 .ARM.attributes
                0x0000000000000019       0x2b AC.o
 .ARM.attributes
                0x0000000000000044       0x2b entry.o
 .ARM.attributes
                0x000000000000006f       0x2b FS.o
 .ARM.attributes
                0x000000000000009a       0x2b main.o
 .ARM.attributes
                0x00000000000000c5       0x2b memoryfn.o
 .ARM.attributes
                0x00000000000000f0       0x19 misc.o
 .ARM.attributes
                0x0000000000000109       0x2b OS.o
 .ARM.attributes
                0x0000000000000134       0x2b ov.o
 .ARM.attributes
                0x000000000000015f       0x2b pm.o
 .ARM.attributes
                0x000000000000018a       0x2b rt.o
 .ARM.attributes
                0x00000000000001b5       0x2b sharedfunc.o
 .ARM.attributes
                0x00000000000001e0       0x2b SOC.o
 .ARM.attributes
                0x000000000000020b       0x2b srv.o
 .ARM.attributes
                0x0000000000000236       0x19 stub.o
 .ARM.attributes
                0x000000000000024f       0x19 svc.o
 .ARM.attributes
                0x0000000000000268       0x30 ./lib\libc.a(lib_a-memcpy-stub.o)
 .ARM.attributes
                0x0000000000000298       0x30 ./lib\libc.a(lib_a-strcpy.o)
 .ARM.attributes
                0x00000000000002c8       0x30 ./lib\libc.a(lib_a-strlen.o)

.comment        0x0000000000000000       0x44
 .comment       0x0000000000000000       0x22 AC.o
                                         0x23 (size before relaxing)
 .comment       0x0000000000000022       0x23 entry.o
 .comment       0x0000000000000022       0x23 FS.o
 .comment       0x0000000000000022       0x23 main.o
 .comment       0x0000000000000022       0x23 memoryfn.o
 .comment       0x0000000000000022       0x23 OS.o
 .comment       0x0000000000000022       0x23 ov.o
 .comment       0x0000000000000022       0x23 pm.o
 .comment       0x0000000000000022       0x23 rt.o
 .comment       0x0000000000000022       0x23 sharedfunc.o
 .comment       0x0000000000000022       0x23 SOC.o
 .comment       0x0000000000000022       0x23 srv.o
 .comment       0x0000000000000022       0x22 ./lib\libc.a(lib_a-memcpy-stub.o)
                                         0x23 (size before relaxing)
 .comment       0x0000000000000044       0x23 ./lib\libc.a(lib_a-strcpy.o)
 .comment       0x0000000000000044       0x23 ./lib\libc.a(lib_a-strlen.o)

.debug_info     0x0000000000000000     0x9cf4
 .debug_info    0x0000000000000000      0xb9b AC.o
 .debug_info    0x0000000000000b9b      0xc2b entry.o
 .debug_info    0x00000000000017c6     0x1077 FS.o
 .debug_info    0x000000000000283d      0xda2 main.o
 .debug_info    0x00000000000035df      0xd06 memoryfn.o
 .debug_info    0x00000000000042e5      0x9d4 OS.o
 .debug_info    0x0000000000004cb9     0x1048 ov.o
 .debug_info    0x0000000000005d01      0xce1 pm.o
 .debug_info    0x00000000000069e2     0x10ab rt.o
 .debug_info    0x0000000000007a8d      0xcdc sharedfunc.o
 .debug_info    0x0000000000008769      0xa79 SOC.o
 .debug_info    0x00000000000091e2      0xb12 srv.o

.debug_abbrev   0x0000000000000000     0x1d2e
 .debug_abbrev  0x0000000000000000      0x25e AC.o
 .debug_abbrev  0x000000000000025e      0x264 entry.o
 .debug_abbrev  0x00000000000004c2      0x25e FS.o
 .debug_abbrev  0x0000000000000720      0x2dd main.o
 .debug_abbrev  0x00000000000009fd      0x26a memoryfn.o
 .debug_abbrev  0x0000000000000c67      0x1f1 OS.o
 .debug_abbrev  0x0000000000000e58      0x2b6 ov.o
 .debug_abbrev  0x000000000000110e      0x2c0 pm.o
 .debug_abbrev  0x00000000000013ce      0x30c rt.o
 .debug_abbrev  0x00000000000016da      0x226 sharedfunc.o
 .debug_abbrev  0x0000000000001900      0x1c5 SOC.o
 .debug_abbrev  0x0000000000001ac5      0x269 srv.o

.debug_aranges  0x0000000000000000      0x178
 .debug_aranges
                0x0000000000000000       0x20 AC.o
 .debug_aranges
                0x0000000000000020       0x20 entry.o
 .debug_aranges
                0x0000000000000040       0x20 FS.o
 .debug_aranges
                0x0000000000000060       0x20 main.o
 .debug_aranges
                0x0000000000000080       0x20 memoryfn.o
 .debug_aranges
                0x00000000000000a0       0x20 OS.o
 .debug_aranges
                0x00000000000000c0       0x20 ov.o
 .debug_aranges
                0x00000000000000e0       0x20 pm.o
 .debug_aranges
                0x0000000000000100       0x20 rt.o
 .debug_aranges
                0x0000000000000120       0x20 sharedfunc.o
 .debug_aranges
                0x0000000000000140       0x18 SOC.o
 .debug_aranges
                0x0000000000000158       0x20 srv.o

.debug_line     0x0000000000000000     0x20e5
 .debug_line    0x0000000000000000      0x280 AC.o
 .debug_line    0x0000000000000280      0x22f entry.o
 .debug_line    0x00000000000004af      0x54b FS.o
 .debug_line    0x00000000000009fa      0x2b7 main.o
 .debug_line    0x0000000000000cb1      0x22e memoryfn.o
 .debug_line    0x0000000000000edf      0x1c7 OS.o
 .debug_line    0x00000000000010a6      0x3d1 ov.o
 .debug_line    0x0000000000001477      0x25a pm.o
 .debug_line    0x00000000000016d1      0x3f9 rt.o
 .debug_line    0x0000000000001aca      0x238 sharedfunc.o
 .debug_line    0x0000000000001d02      0x19b SOC.o
 .debug_line    0x0000000000001e9d      0x248 srv.o

.debug_str      0x0000000000000000      0xd89
 .debug_str     0x0000000000000000      0x57a AC.o
                                        0x5f1 (size before relaxing)
 .debug_str     0x000000000000057a      0x194 entry.o
                                        0x718 (size before relaxing)
 .debug_str     0x000000000000070e      0x167 FS.o
                                        0x78a (size before relaxing)
 .debug_str     0x0000000000000875       0x7c main.o
                                        0x763 (size before relaxing)
 .debug_str     0x00000000000008f1       0x31 memoryfn.o
                                        0x73c (size before relaxing)
 .debug_str     0x0000000000000922       0x33 OS.o
                                        0x583 (size before relaxing)
 .debug_str     0x0000000000000955       0x86 ov.o
                                        0x790 (size before relaxing)
 .debug_str     0x00000000000009db       0x9b pm.o
                                        0x783 (size before relaxing)
 .debug_str     0x0000000000000a76      0x1c1 rt.o
                                        0x8ed (size before relaxing)
 .debug_str     0x0000000000000c37       0xb9 sharedfunc.o
                                        0x7c5 (size before relaxing)
 .debug_str     0x0000000000000cf0       0x3b SOC.o
                                        0x5e2 (size before relaxing)
 .debug_str     0x0000000000000d2b       0x5e srv.o
                                        0x5df (size before relaxing)

.debug_frame    0x0000000000000000      0x7d0
 .debug_frame   0x0000000000000000       0x90 AC.o
 .debug_frame   0x0000000000000090       0x50 entry.o
 .debug_frame   0x00000000000000e0      0x1d4 FS.o
 .debug_frame   0x00000000000002b4       0x6c main.o
 .debug_frame   0x0000000000000320       0x90 memoryfn.o
 .debug_frame   0x00000000000003b0       0x30 OS.o
 .debug_frame   0x00000000000003e0       0xb4 ov.o
 .debug_frame   0x0000000000000494       0xac pm.o
 .debug_frame   0x0000000000000540      0x1d8 rt.o
 .debug_frame   0x0000000000000718       0x2c sharedfunc.o
 .debug_frame   0x0000000000000744       0x8c srv.o
